 obs_sequence
obs_type_definitions
           1
           1 RAW_STATE_VARIABLE             
  num_copies:            0  num_qc:            0
  num_obs:           40  max_num_obs:           40
  first:            1  last:           40
 OBS            1
          -1           2          -1
obdef
loc1d
   0.0000000000000000
kind
           1
     0          0
   1.0000000000000000     
 OBS            2
           1           3          -1
obdef
loc1d
   0.0250000000000000
kind
           1
     0          0
   1.0000000000000000     
 OBS            3
           2           4          -1
obdef
loc1d
   0.0500000000000000
kind
           1
     0          0
   1.0000000000000000     
 OBS            4
           3           5          -1
obdef
loc1d
   0.0750000000000000
kind
           1
     0          0
   1.0000000000000000     
 OBS            5
           4           6          -1
obdef
loc1d
   0.1000000000000000
kind
           1
     0          0
   1.0000000000000000     
 OBS            6
           5           7          -1
obdef
loc1d
   0.1250000000000000
kind
           1
     0          0
   1.0000000000000000     
 OBS            7
           6           8          -1
obdef
loc1d
   0.1500000000000000
kind
           1
     0          0
   1.0000000000000000     
 OBS            8
           7           9          -1
obdef
loc1d
   0.1750000000000000
kind
           1
     0          0
   1.0000000000000000     
 OBS            9
           8          10          -1
obdef
loc1d
   0.2000000000000000
kind
           1
     0          0
   1.0000000000000000     
 OBS           10
           9          11          -1
obdef
loc1d
   0.2250000000000000
kind
           1
     0          0
   1.0000000000000000     
 OBS           11
          10          12          -1
obdef
loc1d
   0.2500000000000000
kind
           1
     0          0
   1.0000000000000000     
 OBS           12
          11          13          -1
obdef
loc1d
   0.2750000000000000
kind
           1
     0          0
   1.0000000000000000     
 OBS           13
          12          14          -1
obdef
loc1d
   0.3000000000000000
kind
           1
     0          0
   1.0000000000000000     
 OBS           14
          13          15          -1
obdef
loc1d
   0.3250000000000000
kind
           1
     0          0
   1.0000000000000000     
 OBS           15
          14          16          -1
obdef
loc1d
   0.3500000000000000
kind
           1
     0          0
   1.0000000000000000     
 OBS           16
          15          17          -1
obdef
loc1d
   0.3750000000000000
kind
           1
     0          0
   1.0000000000000000     
 OBS           17
          16          18          -1
obdef
loc1d
   0.4000000000000000
kind
           1
     0          0
   1.0000000000000000     
 OBS           18
          17          19          -1
obdef
loc1d
   0.4250000000000000
kind
           1
     0          0
   1.0000000000000000     
 OBS           19
          18          20          -1
obdef
loc1d
   0.4500000000000000
kind
           1
     0          0
   1.0000000000000000     
 OBS           20
          19          21          -1
obdef
loc1d
   0.4750000000000000
kind
           1
     0          0
   1.0000000000000000     
 OBS           21
          20          22          -1
obdef
loc1d
   0.5000000000000000
kind
           1
     0          0
   1.0000000000000000     
 OBS           22
          21          23          -1
obdef
loc1d
   0.5250000000000000
kind
           1
     0          0
   1.0000000000000000     
 OBS           23
          22          24          -1
obdef
loc1d
   0.5500000000000000
kind
           1
     0          0
   1.0000000000000000     
 OBS           24
          23          25          -1
obdef
loc1d
   0.5750000000000000
kind
           1
     0          0
   1.0000000000000000     
 OBS           25
          24          26          -1
obdef
loc1d
   0.6000000000000000
kind
           1
     0          0
   1.0000000000000000     
 OBS           26
          25          27          -1
obdef
loc1d
   0.6250000000000000
kind
           1
     0          0
   1.0000000000000000     
 OBS           27
          26          28          -1
obdef
loc1d
   0.6500000000000000
kind
           1
     0          0
   1.0000000000000000     
 OBS           28
          27          29          -1
obdef
loc1d
   0.6750000000000000
kind
           1
     0          0
   1.0000000000000000     
 OBS           29
          28          30          -1
obdef
loc1d
   0.7000000000000000
kind
           1
     0          0
   1.0000000000000000     
 OBS           30
          29          31          -1
obdef
loc1d
   0.7250000000000000
kind
           1
     0          0
   1.0000000000000000     
 OBS           31
          30          32          -1
obdef
loc1d
   0.7500000000000000
kind
           1
     0          0
   1.0000000000000000     
 OBS           32
          31          33          -1
obdef
loc1d
   0.7750000000000000
kind
           1
     0          0
   1.0000000000000000     
 OBS           33
          32          34          -1
obdef
loc1d
   0.8000000000000000
kind
           1
     0          0
   1.0000000000000000     
 OBS           34
          33          35          -1
obdef
loc1d
   0.8250000000000000
kind
           1
     0          0
   1.0000000000000000     
 OBS           35
          34          36          -1
obdef
loc1d
   0.8500000000000000
kind
           1
     0          0
   1.0000000000000000     
 OBS           36
          35          37          -1
obdef
loc1d
   0.8750000000000000
kind
           1
     0          0
   1.0000000000000000     
 OBS           37
          36          38          -1
obdef
loc1d
   0.9000000000000000
kind
           1
     0          0
   1.0000000000000000     
 OBS           38
          37          39          -1
obdef
loc1d
   0.9250000000000000
kind
           1
     0          0
   1.0000000000000000     
 OBS           39
          38          40          -1
obdef
loc1d
   0.9500000000000000
kind
           1
     0          0
   1.0000000000000000     
 OBS           40
          39          -1          -1
obdef
loc1d
   0.9750000000000000
kind
           1
     0          0
   1.0000000000000000     
