 obs_sequence
obs_type_definitions
           1
           1 RAW_STATE_VARIABLE             
  num_copies:            0  num_qc:            0
  num_obs:           23  max_num_obs:           23
  first:            1  last:           23
 OBS            1
          -1           2          -1
obdef
loc1d
   0.2372819288034917
kind
           1
     0          0
   2.2955996805698176     
 OBS            2
           1           3          -1
obdef
loc1d
   0.8914151261411205
kind
           1
     0          0
   1.9912496007753311     
 OBS            3
           2           4          -1
obdef
loc1d
   0.2862997576344646
kind
           1
     0          0
   1.7430252674359341     
 OBS            4
           3           5          -1
obdef
loc1d
   0.5400253087605335
kind
           1
     0          0
   1.4735501134757834     
 OBS            5
           4           6          -1
obdef
loc1d
   0.9237375846113418
kind
           1
     0          0
  0.96870085626892322     
 OBS            6
           5           7          -1
obdef
loc1d
   0.5104265477339280
kind
           1
     0          0
   2.9823759743110703     
 OBS            7
           6           8          -1
obdef
loc1d
   0.6745691196466480
kind
           1
     0          0
   2.5163671886188994     
 OBS            8
           7           9          -1
obdef
loc1d
   0.1533819820263411
kind
           1
     0          0
   2.5604809709797607     
 OBS            9
           8          10          -1
obdef
loc1d
   0.1338877656375217
kind
           1
     0          0
   1.6546446267556116     
 OBS           10
           9          11          -1
obdef
loc1d
   0.3064445602985987
kind
           1
     0          0
   1.8121929248755591     
 OBS           11
          10          12          -1
obdef
loc1d
   0.1253468803780347
kind
           1
     0          0
  0.95591956672459388     
 OBS           12
          11          13          -1
obdef
loc1d
   0.6018038038447796
kind
           1
     0          0
   2.9834709637528110     
 OBS           13
          12          14          -1
obdef
loc1d
   0.3838068098520556
kind
           1
     0          0
   2.2158051382419965     
 OBS           14
          13          15          -1
obdef
loc1d
   0.4815822529136108
kind
           1
     0          0
   1.7801977019850195     
 OBS           15
          14          16          -1
obdef
loc1d
   0.2994555038994653
kind
           1
     0          0
   1.5399587878948016     
 OBS           16
          15          17          -1
obdef
loc1d
   0.3483498782611391
kind
           1
     0          0
   1.5314838795674204     
 OBS           17
          16          18          -1
obdef
loc1d
   0.4149644740826731
kind
           1
     0          0
   2.7840210970832455     
 OBS           18
          17          19          -1
obdef
loc1d
   0.3384326867917203
kind
           1
     0          0
   1.0985496448021213     
 OBS           19
          18          20          -1
obdef
loc1d
   0.2393641065333509
kind
           1
     0          0
   2.0691833866304314     
 OBS           20
          19          21          -1
obdef
loc1d
   0.6637436347398203
kind
           1
     0          0
   1.2361944590949472     
 OBS           21
          20          22          -1
obdef
loc1d
   0.3640658911086502
kind
           1
     0          0
   1.2095900254281848     
 OBS           22
          21          23          -1
obdef
loc1d
   0.7847274868440658
kind
           1
     0          0
   1.3853453450532647     
 OBS           23
          22          -1          -1
obdef
loc1d
   0.7922746702111102
kind
           1
     0          0
   2.7064270030247997     
