 obs_sequence
obs_type_definitions
           1
           1 RAW_STATE_VARIABLE             
  num_copies:            0  num_qc:            0
  num_obs:           20  max_num_obs:           20
  first:            1  last:           20
 OBS            1
          -1           2          -1
obdef
loc1d
   0.0000000000000000
kind
           1
 43200          0
   2.0000000000000000     
 OBS            2
           1           3          -1
obdef
loc1d
   0.0250000000000000
kind
           1
 43200          0
   2.0000000000000000     
 OBS            3
           2           4          -1
obdef
loc1d
   0.0500000000000000
kind
           1
 43200          0
   2.0000000000000000     
 OBS            4
           3           5          -1
obdef
loc1d
   0.0750000000000000
kind
           1
 43200          0
   2.0000000000000000     
 OBS            5
           4           6          -1
obdef
loc1d
   0.1000000000000000
kind
           1
 43200          0
   2.0000000000000000     
 OBS            6
           5           7          -1
obdef
loc1d
   0.1250000000000000
kind
           1
 43200          0
   2.0000000000000000     
 OBS            7
           6           8          -1
obdef
loc1d
   0.1500000000000000
kind
           1
 43200          0
   2.0000000000000000     
 OBS            8
           7           9          -1
obdef
loc1d
   0.1750000000000000
kind
           1
 43200          0
   2.0000000000000000     
 OBS            9
           8          10          -1
obdef
loc1d
   0.2000000000000000
kind
           1
 43200          0
   2.0000000000000000     
 OBS           10
           9          11          -1
obdef
loc1d
   0.2250000000000000
kind
           1
 43200          0
   2.0000000000000000     
 OBS           11
          10          12          -1
obdef
loc1d
   0.2500000000000000
kind
           1
 43200          0
   2.0000000000000000     
 OBS           12
          11          13          -1
obdef
loc1d
   0.2750000000000000
kind
           1
 43200          0
   2.0000000000000000     
 OBS           13
          12          14          -1
obdef
loc1d
   0.3000000000000000
kind
           1
 43200          0
   2.0000000000000000     
 OBS           14
          13          15          -1
obdef
loc1d
   0.3250000000000000
kind
           1
 43200          0
   2.0000000000000000     
 OBS           15
          14          16          -1
obdef
loc1d
   0.3500000000000000
kind
           1
 43200          0
   2.0000000000000000     
 OBS           16
          15          17          -1
obdef
loc1d
   0.3750000000000000
kind
           1
 43200          0
   2.0000000000000000     
 OBS           17
          16          18          -1
obdef
loc1d
   0.4000000000000000
kind
           1
 43200          0
   2.0000000000000000     
 OBS           18
          17          19          -1
obdef
loc1d
   0.4250000000000000
kind
           1
 43200          0
   2.0000000000000000     
 OBS           19
          18          20          -1
obdef
loc1d
   0.4500000000000000
kind
           1
 43200          0
   2.0000000000000000     
 OBS           20
          19          -1          -1
obdef
loc1d
   0.4750000000000000
kind
           1
 43200          0
   2.0000000000000000     
